// Jest Snapshot v1, https://goo.gl/fbAQLP

exports[`rendering renders correctly with all texts, embedded video and voting 1`] = `
<div
  className="well well-bordered followup-flow"
>
  <EmbeddedVideo
    height={120}
    videoId="youtube-video-id"
    videoService="youtube"
    width={240}
  />
  <p>
    Contribution thesis
  </p>
  <div
    dangerouslySetInnerHTML={
      Object {
        "__html": "Contribution explanation",
      }
    }
  />
  <div
    className="text-accent"
  >
    <p>
      Voting results
    </p>
    <p>
      <a
        href="http://www.example.com/"
      >
        0 votes
      </a>
    </p>
  </div>
</div>
`;

exports[`rendering renders correctly with contribution text only 1`] = `
<div
  className="well well-bordered followup-flow"
>
  <p>
    Contribution thesis
  </p>
</div>
`;
