// Jest Snapshot v1, https://goo.gl/fbAQLP

exports[`rendering renders correctly 1`] = `
<div>
  <div
    className="offset-bottom-small offset-right"
    style={
      Object {
        "display": "inline-block",
      }
    }
  >
    <span
      className="badge offset-right-small"
    >
      0
    </span>
    <ThumbButton
      disabled={false}
      label="like"
      onClick={[Function]}
      type="like"
    />
  </div>
  <div
    className="offset-bottom-small"
    style={
      Object {
        "display": "inline-block",
      }
    }
  >
    <span
      className="badge offset-right-small"
    >
      0
    </span>
    <ThumbButton
      disabled={false}
      label="dislike"
      onClick={[Function]}
      type="dislike"
    />
  </div>
</div>
`;

exports[`rendering renders correctly disabled voting 1`] = `
<div>
  <div
    className="offset-bottom-small offset-right"
    style={
      Object {
        "display": "inline-block",
      }
    }
  >
    <span
      className="badge offset-right-small"
    >
      0
    </span>
    <ThumbButton
      disabled={false}
      label="like"
      onClick={[Function]}
      type="like"
    />
  </div>
  <div
    className="offset-bottom-small"
    style={
      Object {
        "display": "inline-block",
      }
    }
  >
    <span
      className="badge offset-right-small"
    >
      0
    </span>
    <ThumbButton
      disabled={false}
      label="dislike"
      onClick={[Function]}
      type="dislike"
    />
  </div>
</div>
`;
