// Jest Snapshot v1, https://goo.gl/fbAQLP

exports[`rendering renders correctly 1`] = `
<div>
  <div
    style={
      Object {
        "display": "inline-block",
      }
    }
  >
    <span
      className="badge offset-right-small"
    >
      0
    </span>
    <ThumbButton
      disabled={false}
      onTouchTap={[Function]}
      type="like"
    />
    <div
      className="text-center offset-top-small small"
    >
      Like
    </div>
  </div>
  <div
    style={
      Object {
        "display": "inline-block",
      }
    }
  >
    <span
      className="badge offset-left offset-right-small"
    >
      0
    </span>
    <ThumbButton
      disabled={false}
      onTouchTap={[Function]}
      type="dislike"
    />
    <div
      className="text-center offset-top-small small"
    >
      Dislike
    </div>
  </div>
</div>
`;

exports[`rendering renders correctly disabled voting 1`] = `
<div>
  <div
    style={
      Object {
        "display": "inline-block",
      }
    }
  >
    <span
      className="badge offset-right-small"
    >
      0
    </span>
    <ThumbButton
      disabled={false}
      onTouchTap={[Function]}
      type="like"
    />
    <div
      className="text-center offset-top-small small"
    >
      Like
    </div>
  </div>
  <div
    style={
      Object {
        "display": "inline-block",
      }
    }
  >
    <span
      className="badge offset-left offset-right-small"
    >
      0
    </span>
    <ThumbButton
      disabled={false}
      onTouchTap={[Function]}
      type="dislike"
    />
    <div
      className="text-center offset-top-small small"
    >
      Dislike
    </div>
  </div>
</div>
`;
