// Jest Snapshot v1, https://goo.gl/fbAQLP

exports[`rendering renders correctly 1`] = `
<div
  className="well well-bordered followup-flow followup-well followup-well-link"
>
  <div
    dangerouslySetInnerHTML={
      Object {
        "__html": "Snippet",
      }
    }
  />
  <div
    className="offset-bottom-small"
  >
    <Reputation
      dislikeAction={[Function]}
      dislikeCount={0}
      likeAction={[Function]}
      likeCount={0}
      voted={false}
    />
  </div>
  <RaisedButton
    disabled={false}
    label="Follow path"
    onTouchTap={[Function]}
  />
</div>
`;
